arith:  10
divMod: 4
negate: false
minus:  -5
logic:  true
abs:    5
sum:    10
sumAbs: 9
count:  1
arith:  10
divMod: 4
negate: false
minus:  -5
logic:  true
abs:    5
sum:    10
sumAbs: 9
count:  1
arith:  10
divMod: 4
negate: false
minus:  -5
logic:  true
abs:    5
sum:    10
sumAbs: 9
count:  1
arith:  10
divMod: 4
negate: false
minus:  -5
logic:  true
abs:    5
sum:    10
sumAbs: 9
count:  1
arith:  10
divMod: 4
negate: false
minus:  -5
logic:  true
abs:    5
sum:    10
sumAbs: 9
count:  1
arith:  10
divMod: 4
negate: false
minus:  -5
logic:  true
abs:    5
sum:    10
sumAbs: 9
count:  1
arith:  10
divMod: 4
negate: false
minus:  -5
logic:  true
abs:    5
sum:    10
sumAbs: 9
count:  1
arith:  10
divMod: 4
negate: false
minus:  -5
logic:  true
abs:    5
sum:    10
sumAbs: 9
count:  1
arith:  10
divMod: 4
negate: false
minus:  -5
logic:  true
abs:    5
sum:    10
sumAbs: 9
count:  1
arith:  10
divMod: 4
negate: false
minus:  -5
logic:  true
abs:    5
sum:    10
sumAbs: 9
count:  1
