arith:  10
divMod: 4
negate: false
abs:    5
sumAbs: 9
minus:  -5
logic:  true
sum:    10
arith:  10
divMod: 4
negate: false
abs:    5
sumAbs: 9
minus:  -5
logic:  true
sum:    10
arith:  10
divMod: 4
negate: false
abs:    5
sumAbs: 9
minus:  -5
logic:  true
sum:    10
arith:  10
divMod: 4
negate: false
abs:    5
sumAbs: 9
minus:  -5
logic:  true
sum:    10
arith:  10
divMod: 4
negate: false
abs:    5
sumAbs: 9
minus:  -5
logic:  true
sum:    10
arith:  10
divMod: 4
negate: false
abs:    5
sumAbs: 9
minus:  -5
logic:  true
sum:    10
arith:  10
divMod: 4
negate: false
abs:    5
sumAbs: 9
minus:  -5
logic:  true
sum:    10
arith:  10
divMod: 4
negate: false
abs:    5
sumAbs: 9
minus:  -5
logic:  true
sum:    10
arith:  10
divMod: 4
negate: false
abs:    5
sumAbs: 9
minus:  -5
logic:  true
sum:    10
arith:  10
divMod: 4
negate: false
abs:    5
sumAbs: 9
minus:  -5
logic:  true
sum:    10
