sr1.Q=false
sr2.Q=false
q=false
sr1.Q=true
sr2.Q=true
q=false
sr1.Q=false
sr2.Q=false
q=true
sr1.Q=true
sr2.Q=true
q=false
sr1.Q=false
sr2.Q=false
q=true
sr1.Q=true
sr2.Q=true
q=false
sr1.Q=false
sr2.Q=false
q=true
sr1.Q=true
sr2.Q=true
q=false
sr1.Q=false
sr2.Q=false
q=true
sr1.Q=true
sr2.Q=true
q=false
